Nomad[..\data\equipment\goods.ini c7c7f07e]17:51:26[23-894f6c5d]
Nomad[..\data\equipment\weapon_good.ini ac13142e]17:51:26[23-894f6c5d]
Nomad[no file found ..\data\equipment\misc_equip.ini]17:51:26[23-894f6c5d]
Nomad[..\data\equipment\engine_good.ini 4f2c628b]17:51:26[23-894f6c5d]
Nomad[no file found ..\data\equipment\misc_good.ini]17:51:26[23-894f6c5d]
Nomad[..\data\equipment\st_good.ini ba3b46e1]17:51:26[23-894f6c5d]
KissMyAss[..\data\equipment\goods.ini c7c7f07e]17:52:34[23-894f6c5d]
KissMyAss[..\data\equipment\weapon_good.ini ac13142e]17:52:34[23-894f6c5d]
KissMyAss[no file found ..\data\equipment\misc_equip.ini]17:52:34[23-894f6c5d]
KissMyAss[..\data\equipment\engine_good.ini 4f2c628b]17:52:34[23-894f6c5d]
KissMyAss[no file found ..\data\equipment\misc_good.ini]17:52:34[23-894f6c5d]
KissMyAss[..\data\equipment\st_good.ini ba3b46e1]17:52:34[23-894f6c5d]
KissMyAss[..\data\equipment\goods.ini 64363ee7]17:55:11[23-894f6c5d]
KissMyAss[..\data\equipment\weapon_good.ini 3335f0c7]17:55:11[23-894f6c5d]
KissMyAss[..\data\equipment\goods.ini 64363ee7]17:55:12[23-894f6c5d]
KissMyAss[..\data\equipment\weapon_good.ini 3335f0c7]17:55:12[23-894f6c5d]
Amaterasu[..\data\equipment\goods.ini 64363ee7]17:56:44[23-894f6c5d]
Amaterasu[..\data\equipment\weapon_good.ini 3335f0c7]17:56:44[23-894f6c5d]
Amaterasu[..\data\equipment\goods.ini 64363ee7]17:56:47[23-894f6c5d]
Amaterasu[..\data\equipment\weapon_good.ini 3335f0c7]17:56:47[23-894f6c5d]
Amaterasu[..\data\equipment\goods.ini 64363ee7]17:57:11[23-894f6c5d]
Amaterasu[..\data\equipment\weapon_good.ini 3335f0c7]17:57:11[23-894f6c5d]
Amaterasu[..\data\equipment\goods.ini 64363ee7]17:57:59[23-894f6c5d]
Amaterasu[..\data\equipment\weapon_good.ini 3335f0c7]17:57:59[23-894f6c5d]
Amaterasu[..\data\equipment\goods.ini 64363ee7]17:59:10[23-894f6c5d]
Amaterasu[..\data\equipment\weapon_good.ini 3335f0c7]17:59:10[23-894f6c5d]
KissMyAss[..\data\equipment\goods.ini 64363ee7]17:59:45[23-894f6c5d]
KissMyAss[..\data\equipment\weapon_good.ini 3335f0c7]17:59:45[23-894f6c5d]
Amaterasu[..\data\equipment\goods.ini 64363ee7]17:59:55[23-894f6c5d]
Amaterasu[..\data\equipment\weapon_good.ini 3335f0c7]17:59:55[23-894f6c5d]
Amaterasu[..\data\equipment\goods.ini 64363ee7]18:00:03[23-894f6c5d]
Amaterasu[..\data\equipment\weapon_good.ini 3335f0c7]18:00:03[23-894f6c5d]
KissMyAss[..\data\equipment\goods.ini c7c7f07e]18:01:11[23-894f6c5d]
KissMyAss[..\data\equipment\weapon_good.ini 3335f0c7]18:01:11[23-894f6c5d]
KissMyAss[..\data\equipment\goods.ini c7c7f07e]18:02:20[23-894f6c5d]
Amaterasu[..\data\equipment\goods.ini c7c7f07e]18:03:22[23-894f6c5d]
Amaterasu[..\data\equipment\goods.ini c7c7f07e]18:03:46[23-894f6c5d]
Amaterasu[..\data\equipment\goods.ini 64363ee7]18:37:12[23-894f6c5d]
Amaterasu[..\data\equipment\weapon_good.ini 3335f0c7]18:37:12[23-894f6c5d]
Amaterasu[..\data\equipment\engine_good.ini b0569961]18:37:12[23-894f6c5d]
Amaterasu[..\data\equipment\goods.ini 64363ee7]18:37:15[23-894f6c5d]
Amaterasu[..\data\equipment\weapon_good.ini 3335f0c7]18:37:15[23-894f6c5d]
Amaterasu[..\data\equipment\engine_good.ini b0569961]18:37:15[23-894f6c5d]
Amaterasu[..\data\equipment\goods.ini 64363ee7]18:58:15[23-894f6c5d]
Amaterasu[..\data\equipment\weapon_good.ini 3335f0c7]18:58:15[23-894f6c5d]
Amaterasu[..\data\equipment\engine_good.ini b0569961]18:58:15[23-894f6c5d]
Amaterasu[..\data\equipment\goods.ini 64363ee7]18:58:16[23-894f6c5d]
Amaterasu[..\data\equipment\weapon_good.ini 3335f0c7]18:58:16[23-894f6c5d]
Amaterasu[..\data\equipment\engine_good.ini b0569961]18:58:16[23-894f6c5d]
Amaterasu[..\data\equipment\goods.ini 64363ee7]19:08:48[23-894f6c5d]
Amaterasu[..\data\equipment\weapon_good.ini 3335f0c7]19:08:48[23-894f6c5d]
Amaterasu[..\data\equipment\engine_good.ini b0569961]19:08:48[23-894f6c5d]
Amaterasu[..\data\equipment\goods.ini 64363ee7]19:09:07[23-894f6c5d]
Amaterasu[..\data\equipment\weapon_good.ini 3335f0c7]19:09:07[23-894f6c5d]
Amaterasu[..\data\equipment\engine_good.ini b0569961]19:09:07[23-894f6c5d]
Amaterasu[..\data\equipment\goods.ini 64363ee7]19:09:09[23-894f6c5d]
Amaterasu[..\data\equipment\weapon_good.ini 3335f0c7]19:09:09[23-894f6c5d]
Amaterasu[..\data\equipment\engine_good.ini b0569961]19:09:09[23-894f6c5d]
