raziel[..\data\equipment\weapon_equip.ini 9c2b56b9]12:50:48[23-cf699f2c]
raziel[..\data\equipment\weapon_good.ini d71541c6]12:50:48[23-cf699f2c]
raziel[..\data\constants.ini d2c2db9d]12:50:48[23-cf699f2c]
raziel[..\data\equipment\st_equip.ini 5b145120]12:50:48[23-cf699f2c]
raziel[..\data\equipment\st_good.ini ad952882]12:50:48[23-cf699f2c]
raziel[..\data\equipment\weapon_equip.ini 9c2b56b9]13:26:30[23-cf699f2c]
raziel[..\data\equipment\weapon_good.ini d71541c6]13:26:30[23-cf699f2c]
raziel[..\data\constants.ini d2c2db9d]13:26:30[23-cf699f2c]
raziel[..\data\equipment\st_equip.ini 5b145120]13:26:30[23-cf699f2c]
raziel[..\data\equipment\st_good.ini ad952882]13:26:30[23-cf699f2c]
raziel[..\data\equipment\weapon_equip.ini 9c2b56b9]13:26:31[23-cf699f2c]
raziel[..\data\equipment\weapon_good.ini d71541c6]13:26:31[23-cf699f2c]
raziel[..\data\constants.ini d2c2db9d]13:26:31[23-cf699f2c]
raziel[..\data\equipment\st_equip.ini 5b145120]13:26:31[23-cf699f2c]
raziel[..\data\equipment\st_good.ini ad952882]13:26:31[23-cf699f2c]
raziel[..\data\equipment\weapon_equip.ini 9c2b56b9]13:40:07[23-cf699f2c]
raziel[..\data\equipment\weapon_good.ini d71541c6]13:40:07[23-cf699f2c]
raziel[..\data\constants.ini d2c2db9d]13:40:07[23-cf699f2c]
raziel[..\data\equipment\st_equip.ini 5b145120]13:40:07[23-cf699f2c]
raziel[..\data\equipment\st_good.ini ad952882]13:40:07[23-cf699f2c]
raziel[..\data\equipment\weapon_equip.ini 9c2b56b9]13:49:27[23-cf699f2c]
raziel[..\data\equipment\weapon_good.ini d71541c6]13:49:27[23-cf699f2c]
raziel[..\data\constants.ini d2c2db9d]13:49:27[23-cf699f2c]
raziel[..\data\equipment\st_equip.ini 5b145120]13:49:27[23-cf699f2c]
raziel[..\data\equipment\st_good.ini ad952882]13:49:27[23-cf699f2c]
raziel[..\data\equipment\weapon_equip.ini 9c2b56b9]13:49:28[23-cf699f2c]
raziel[..\data\equipment\weapon_good.ini d71541c6]13:49:29[23-cf699f2c]
raziel[..\data\constants.ini d2c2db9d]13:49:29[23-cf699f2c]
raziel[..\data\equipment\st_equip.ini 5b145120]13:49:29[23-cf699f2c]
raziel[..\data\equipment\st_good.ini ad952882]13:49:29[23-cf699f2c]
raziel[..\data\equipment\weapon_equip.ini 9c2b56b9]13:55:14[23-cf699f2c]
raziel[..\data\equipment\weapon_good.ini d71541c6]13:55:14[23-cf699f2c]
raziel[..\data\constants.ini d2c2db9d]13:55:14[23-cf699f2c]
raziel[..\data\equipment\st_equip.ini 5b145120]13:55:14[23-cf699f2c]
raziel[..\data\equipment\st_good.ini ad952882]13:55:14[23-cf699f2c]
raziel[..\data\equipment\weapon_equip.ini 9c2b56b9]17:35:25[23-cf699f2c]
raziel[..\data\equipment\weapon_good.ini d71541c6]17:35:25[23-cf699f2c]
raziel[..\data\constants.ini d2c2db9d]17:35:25[23-cf699f2c]
raziel[..\data\equipment\st_equip.ini 5b145120]17:35:25[23-cf699f2c]
raziel[..\data\equipment\st_good.ini ad952882]17:35:26[23-cf699f2c]
raziel[..\data\equipment\weapon_equip.ini 9c2b56b9]17:35:26[23-cf699f2c]
raziel[..\data\equipment\weapon_good.ini d71541c6]17:35:27[23-cf699f2c]
raziel[..\data\constants.ini d2c2db9d]17:35:27[23-cf699f2c]
raziel[..\data\equipment\st_equip.ini 5b145120]17:35:27[23-cf699f2c]
raziel[..\data\equipment\st_good.ini ad952882]17:35:27[23-cf699f2c]
raziel[..\data\equipment\weapon_equip.ini 9c2b56b9]17:35:50[23-cf699f2c]
raziel[..\data\equipment\weapon_good.ini d71541c6]17:35:50[23-cf699f2c]
raziel[..\data\constants.ini d2c2db9d]17:35:50[23-cf699f2c]
raziel[..\data\equipment\st_equip.ini 5b145120]17:35:50[23-cf699f2c]
raziel[..\data\equipment\st_good.ini ad952882]17:35:50[23-cf699f2c]
raziel[..\data\equipment\weapon_equip.ini 9c2b56b9]17:36:11[23-cf699f2c]
raziel[..\data\equipment\weapon_good.ini d71541c6]17:36:11[23-cf699f2c]
raziel[..\data\constants.ini d2c2db9d]17:36:11[23-cf699f2c]
raziel[..\data\equipment\st_equip.ini 5b145120]17:36:11[23-cf699f2c]
raziel[..\data\equipment\st_good.ini ad952882]17:36:11[23-cf699f2c]
raziel[..\data\equipment\weapon_equip.ini 9c2b56b9]17:45:32[23-cf699f2c]
raziel[..\data\equipment\weapon_good.ini d71541c6]17:45:32[23-cf699f2c]
raziel[..\data\constants.ini d2c2db9d]17:45:32[23-cf699f2c]
raziel[..\data\equipment\st_equip.ini 5b145120]17:45:32[23-cf699f2c]
raziel[..\data\equipment\st_good.ini ad952882]17:45:32[23-cf699f2c]
raziel[..\data\equipment\weapon_equip.ini 9c2b56b9]18:06:52[23-cf699f2c]
raziel[..\data\equipment\weapon_good.ini d71541c6]18:06:52[23-cf699f2c]
raziel[..\data\constants.ini d2c2db9d]18:06:52[23-cf699f2c]
raziel[..\data\equipment\st_equip.ini 5b145120]18:06:52[23-cf699f2c]
raziel[..\data\equipment\st_good.ini ad952882]18:06:52[23-cf699f2c]
raziel[..\data\equipment\weapon_equip.ini 9c2b56b9]18:06:54[23-cf699f2c]
raziel[..\data\equipment\weapon_good.ini d71541c6]18:06:54[23-cf699f2c]
raziel[..\data\constants.ini d2c2db9d]18:06:54[23-cf699f2c]
raziel[..\data\equipment\st_equip.ini 5b145120]18:06:54[23-cf699f2c]
raziel[..\data\equipment\st_good.ini ad952882]18:06:54[23-cf699f2c]
raziel[..\data\constants.ini d2c2db9d]18:23:26[23-cf699f2c]
raziel[..\data\equipment\st_equip.ini 5b145120]18:23:26[23-cf699f2c]
raziel[..\data\equipment\st_good.ini ad952882]18:23:26[23-cf699f2c]
raziel[..\data\solar\solararch.ini d1a99ac6]18:23:26[23-cf699f2c]
raziel[..\data\constants.ini d2c2db9d]18:24:35[23-cf699f2c]
raziel[..\data\equipment\st_equip.ini 5b145120]18:24:35[23-cf699f2c]
raziel[..\data\equipment\st_good.ini ad952882]18:24:35[23-cf699f2c]
raziel[..\data\solar\solararch.ini d1a99ac6]18:24:35[23-cf699f2c]
raziel[..\data\constants.ini d2c2db9d]18:25:45[23-cf699f2c]
raziel[..\data\equipment\st_equip.ini 5b145120]18:25:45[23-cf699f2c]
raziel[..\data\constants.ini d2c2db9d]18:58:54[23-cf699f2c]
raziel[..\data\equipment\st_equip.ini 5b145120]18:58:54[23-cf699f2c]
