xslava1[..\data\equipment\engine_good.ini 51441f2]00:09:16[23-f49b1d36]
CELERON[..\data\equipment\engine_good.ini 51441f2]00:19:09[23-5f1efb63]
DSBOT[..\data\equipment\engine_good.ini 51441f2]00:21:55[23-5f1efb63]
xslava1[..\data\equipment\engine_good.ini 51441f2]00:39:34[23-f49b1d36]
xslava1[..\data\equipment\engine_good.ini 51441f2]00:44:33[23-f49b1d36]
xslava1[..\data\equipment\engine_good.ini 51441f2]00:45:27[23-f49b1d36]
xslava1[..\data\equipment\engine_good.ini 51441f2]00:56:02[23-f49b1d36]
OVERLORD[..\data\equipment\engine_good.ini 51441f2]01:47:29[23-5f1efb63]
STELS[..\data\equipment\engine_good.ini 51441f2]09:58:29[23-4eebe83a]
STELS[..\data\equipment\engine_good.ini 51441f2]10:02:13[23-4eebe83a]
STELS[..\data\equipment\engine_good.ini 51441f2]10:02:15[23-4eebe83a]
Ph|T1-101[..\data\equipment\engine_good.ini 51441f2]10:04:12[23-4eebe83a]
3947[..\data\equipment\engine_good.ini 51441f2]10:17:39[23-4eebe83a]
xslava1[..\data\equipment\engine_good.ini 51441f2]10:20:55[23-f49b1d36]
xslava1[..\data\equipment\engine_good.ini 51441f2]10:25:21[23-f49b1d36]
xslava1[..\data\equipment\engine_good.ini 51441f2]10:31:45[23-f49b1d36]
STELS[..\data\equipment\engine_good.ini 51441f2]10:41:24[23-4eebe83a]
xslava1[..\data\equipment\engine_good.ini 51441f2]10:55:15[23-f49b1d36]
CELERON[..\data\equipment\engine_good.ini 51441f2]10:56:45[23-5f1efb63]
CELERON[..\data\equipment\engine_good.ini 51441f2]11:02:32[23-5f1efb63]
CELERON[..\data\equipment\engine_good.ini 51441f2]11:02:46[23-5f1efb63]
xslava1[..\data\equipment\engine_good.ini 51441f2]11:10:04[23-f49b1d36]
Sandor[..\data\equipment\engine_good.ini 51441f2]11:14:44[23-37756a0d]
Sandor[..\data\equipment\engine_good.ini 51441f2]11:14:50[23-37756a0d]
xslava1[..\data\equipment\engine_good.ini 51441f2]11:15:49[23-f49b1d36]
CELERON[..\data\equipment\engine_good.ini 51441f2]11:18:24[23-5f1efb63]
STELS[..\data\equipment\engine_good.ini 51441f2]11:19:10[23-4eebe83a]
STELS[..\data\equipment\engine_good.ini 51441f2]11:19:12[23-4eebe83a]
OVERLORD[..\data\equipment\engine_good.ini 51441f2]11:21:59[23-5f1efb63]
Sandor[..\data\equipment\engine_good.ini 51441f2]11:22:16[23-37756a0d]
DSBOT[..\data\equipment\engine_good.ini 51441f2]11:24:50[23-5f1efb63]
xslava1[..\data\equipment\engine_good.ini 51441f2]11:40:11[23-f49b1d36]
STELS[..\data\equipment\engine_good.ini 51441f2]11:40:36[23-4eebe83a]
[.:::SEDRIK:::.][..\data\equipment\engine_good.ini 51441f2]11:44:21[23-0f6f7b47]
xslava1[..\data\equipment\engine_good.ini 51441f2]11:57:09[23-f49b1d36]
xslava1[..\data\equipment\engine_good.ini 51441f2]11:57:14[23-f49b1d36]
xslava1[..\data\equipment\engine_good.ini 51441f2]12:01:51[23-f49b1d36]
xslava1[..\data\equipment\engine_good.ini 51441f2]12:01:53[23-f49b1d36]
STELS[..\data\equipment\engine_good.ini 51441f2]12:07:59[23-4eebe83a]
STELS[..\data\equipment\engine_good.ini 51441f2]12:08:01[23-4eebe83a]
xslava1[..\data\equipment\engine_good.ini 51441f2]12:10:08[23-f49b1d36]
xslava1[..\data\equipment\engine_good.ini 51441f2]12:20:07[23-f49b1d36]
testerw[..\data\equipment\engine_good.ini 51441f2]12:58:18[23-493d9a12]
Amaterasu<3>[..\data\equipment\goods.ini 64363ee7]16:05:21[23-894f6c5d]
Amaterasu<3>[..\data\equipment\weapon_good.ini 3335f0c7]16:05:21[23-894f6c5d]
Amaterasu<3>[..\data\ships\shiparch.ini 571ffd70]16:05:22[23-894f6c5d]
Amaterasu<3>[..\data\equipment\engine_good.ini b0569961]16:05:22[23-894f6c5d]
Amaterasu<3>[..\data\equipment\st_good.ini ba3b46e1]16:05:22[23-894f6c5d]
KissMyAss[..\data\equipment\goods.ini 64363ee7]16:08:17[23-894f6c5d]
KissMyAss[..\data\equipment\weapon_good.ini 3335f0c7]16:08:17[23-894f6c5d]
KissMyAss[..\data\ships\shiparch.ini 571ffd70]16:08:17[23-894f6c5d]
KissMyAss[..\data\equipment\engine_good.ini b0569961]16:08:17[23-894f6c5d]
KissMyAss[..\data\equipment\st_good.ini ba3b46e1]16:08:17[23-894f6c5d]
Amaterasu<2>[..\data\equipment\weapon_equip.ini d58a6c90]16:17:29[23-894f6c5d]
Amaterasu<2>[..\data\ships\shiparch.ini 571ffd70]16:17:29[23-894f6c5d]
Amaterasu<2>[..\data\equipment\select_equip.ini e0f3a093]16:17:29[23-894f6c5d]
Amaterasu<2>[..\data\equipment\st_equip.ini d23d288b]16:17:29[23-894f6c5d]
Amaterasu<2>[..\data\equipment\weapon_equip.ini d58a6c90]16:18:57[23-894f6c5d]
Amaterasu<2>[..\data\ships\shiparch.ini 571ffd70]16:18:57[23-894f6c5d]
Amaterasu<2>[..\data\equipment\select_equip.ini e0f3a093]16:18:57[23-894f6c5d]
Amaterasu<2>[..\data\equipment\st_equip.ini d23d288b]16:18:57[23-894f6c5d]
Amaterasu<2>[..\data\equipment\weapon_equip.ini d58a6c90]16:21:06[23-894f6c5d]
Amaterasu<2>[..\data\ships\shiparch.ini 571ffd70]16:21:06[23-894f6c5d]
Amaterasu<2>[..\data\equipment\select_equip.ini e0f3a093]16:21:06[23-894f6c5d]
Amaterasu<2>[..\data\equipment\st_equip.ini d23d288b]16:21:06[23-894f6c5d]
